[31m[Nest] 41568  - [39m16/08/2026, 11:38:45 pm [31m  ERROR[39m [38;5;3m[NestApplication] [39m[31mError: listen EADDRINUSE: address already in use :::3001[39m[38;5;3m +5ms[39m
node:net:2009
    const ex = new UVExceptionWithHostPort(err, 'listen', address, port);
               ^

Error: listen EADDRINUSE: address already in use :::3001
    at Server.setupListenHandle [as _listen2] (node:net:2009:16)
    at listenInCluster (node:net:2066:12)
    at Server.listen (node:net:2171:7)
    at ExpressAdapter.listen (C:\Users\Chirag Gupta\Desktop\enterprise-productivity\enterprise-productivity-backend\node_modules\@nestjs\platform-express\adapters\express-adapter.js:115:32)
    at C:\Users\Chirag Gupta\Desktop\enterprise-productivity\enterprise-productivity-backend\node_modules\@nestjs\core\nest-application.js:190:30
    at new Promise (<anonymous>)
    at NestApplication.listen (C:\Users\Chirag Gupta\Desktop\enterprise-productivity\enterprise-productivity-backend\node_modules\@nestjs\core\nest-application.js:180:16)
    at process.processTicksAndRejections (node:internal/process/task_queues:104:5)
    at async bootstrap (C:\Users\Chirag Gupta\Desktop\enterprise-productivity\enterprise-productivity-backend\dist\src\main.js:20:5) {
  code: 'EADDRINUSE',
  errno: -4091,
  syscall: 'listen',
  address: '::',
  port: 3001
}

Node.js v24.18.0
