[32m[Nest] 55304  - [39m19/08/2026, 11:33:06 pm [32m    LOG[39m [38;5;3m[NestFactory] [39m[32mStarting Nest application...[39m
[32m[Nest] 55304  - [39m19/08/2026, 11:33:06 pm [32m    LOG[39m [38;5;3m[InstanceLoader] [39m[32mAppModule dependencies initialized[39m[38;5;3m +43ms[39m
[32m[Nest] 55304  - [39m19/08/2026, 11:33:06 pm [32m    LOG[39m [38;5;3m[InstanceLoader] [39m[32mConfigModule dependencies initialized[39m[38;5;3m +2ms[39m
[32m[Nest] 55304  - [39m19/08/2026, 11:33:06 pm [32m    LOG[39m [38;5;3m[InstanceLoader] [39m[32mEventBusModule dependencies initialized[39m[38;5;3m +2ms[39m
[32m[Nest] 55304  - [39m19/08/2026, 11:33:06 pm [32m    LOG[39m [38;5;3m[InstanceLoader] [39m[32mConfigHostModule dependencies initialized[39m[38;5;3m +4ms[39m
[32m[Nest] 55304  - [39m19/08/2026, 11:33:06 pm [32m    LOG[39m [38;5;3m[InstanceLoader] [39m[32mHealthModule dependencies initialized[39m[38;5;3m +20ms[39m
[32m[Nest] 55304  - [39m19/08/2026, 11:33:06 pm [32m    LOG[39m [38;5;3m[InstanceLoader] [39m[32mConfigModule dependencies initialized[39m[38;5;3m +1ms[39m
[32m[Nest] 55304  - [39m19/08/2026, 11:33:06 pm [32m    LOG[39m [38;5;3m[InstanceLoader] [39m[32mConfigModule dependencies initialized[39m[38;5;3m +0ms[39m
[32m[Nest] 55304  - [39m19/08/2026, 11:33:06 pm [32m    LOG[39m [38;5;3m[InstanceLoader] [39m[32mStreamModule dependencies initialized[39m[38;5;3m +1ms[39m
[32m[Nest] 55304  - [39m19/08/2026, 11:33:06 pm [32m    LOG[39m [38;5;3m[InstanceLoader] [39m[32mMessageSourceModule dependencies initialized[39m[38;5;3m +2ms[39m
[32m[Nest] 55304  - [39m19/08/2026, 11:33:06 pm [32m    LOG[39m [38;5;3m[InstanceLoader] [39m[32mJwtModule dependencies initialized[39m[38;5;3m +0ms[39m
[32m[Nest] 55304  - [39m19/08/2026, 11:33:06 pm [32m    LOG[39m [38;5;3m[DrizzleProvider] [39m[32mPostgreSQL connection established successfully.[39m
[32m[Nest] 55304  - [39m19/08/2026, 11:33:06 pm [32m    LOG[39m [38;5;3m[InstanceLoader] [39m[32mDatabaseModule dependencies initialized[39m[38;5;3m +3ms[39m
[32m[Nest] 55304  - [39m19/08/2026, 11:33:06 pm [32m    LOG[39m [38;5;3m[InstanceLoader] [39m[32mNotificationsModule dependencies initialized[39m[38;5;3m +1ms[39m
[32m[Nest] 55304  - [39m19/08/2026, 11:33:06 pm [32m    LOG[39m [38;5;3m[InstanceLoader] [39m[32mNotesModule dependencies initialized[39m[38;5;3m +0ms[39m
[32m[Nest] 55304  - [39m19/08/2026, 11:33:06 pm [32m    LOG[39m [38;5;3m[InstanceLoader] [39m[32mBookmarksModule dependencies initialized[39m[38;5;3m +0ms[39m
[32m[Nest] 55304  - [39m19/08/2026, 11:33:06 pm [32m    LOG[39m [38;5;3m[InstanceLoader] [39m[32mRemindersModule dependencies initialized[39m[38;5;3m +1ms[39m
[32m[Nest] 55304  - [39m19/08/2026, 11:33:06 pm [32m    LOG[39m [38;5;3m[InstanceLoader] [39m[32mTasksModule dependencies initialized[39m[38;5;3m +0ms[39m
[32m[Nest] 55304  - [39m19/08/2026, 11:33:06 pm [32m    LOG[39m [38;5;3m[InstanceLoader] [39m[32mMeetingsModule dependencies initialized[39m[38;5;3m +1ms[39m
[32m[Nest] 55304  - [39m19/08/2026, 11:33:06 pm [32m    LOG[39m [38;5;3m[InstanceLoader] [39m[32mUsersModule dependencies initialized[39m[38;5;3m +0ms[39m
[32m[Nest] 55304  - [39m19/08/2026, 11:33:06 pm [32m    LOG[39m [38;5;3m[InstanceLoader] [39m[32mDepartmentsModule dependencies initialized[39m[38;5;3m +1ms[39m
[32m[Nest] 55304  - [39m19/08/2026, 11:33:06 pm [32m    LOG[39m [38;5;3m[InstanceLoader] [39m[32mChannelsModule dependencies initialized[39m[38;5;3m +1ms[39m
[32m[Nest] 55304  - [39m19/08/2026, 11:33:06 pm [32m    LOG[39m [38;5;3m[InstanceLoader] [39m[32mProjectDocumentsModule dependencies initialized[39m[38;5;3m +0ms[39m
[32m[Nest] 55304  - [39m19/08/2026, 11:33:06 pm [32m    LOG[39m [38;5;3m[InstanceLoader] [39m[32mProjectsModule dependencies initialized[39m[38;5;3m +1ms[39m
[32m[Nest] 55304  - [39m19/08/2026, 11:33:06 pm [32m    LOG[39m [38;5;3m[InstanceLoader] [39m[32mProjectAnnouncementsModule dependencies initialized[39m[38;5;3m +0ms[39m
[32m[Nest] 55304  - [39m19/08/2026, 11:33:06 pm [32m    LOG[39m [38;5;3m[InstanceLoader] [39m[32mProjectMilestonesModule dependencies initialized[39m[38;5;3m +0ms[39m
[32m[Nest] 55304  - [39m19/08/2026, 11:33:06 pm [32m    LOG[39m [38;5;3m[InstanceLoader] [39m[32mVideoModule dependencies initialized[39m[38;5;3m +1ms[39m
[32m[Nest] 55304  - [39m19/08/2026, 11:33:06 pm [32m    LOG[39m [38;5;3m[InstanceLoader] [39m[32mSmartReplyModule dependencies initialized[39m[38;5;3m +0ms[39m
[32m[Nest] 55304  - [39m19/08/2026, 11:33:06 pm [32m    LOG[39m [38;5;3m[InstanceLoader] [39m[32mAiSummaryModule dependencies initialized[39m[38;5;3m +1ms[39m
[32m[Nest] 55304  - [39m19/08/2026, 11:33:06 pm [32m    LOG[39m [38;5;3m[InstanceLoader] [39m[32mTranslationModule dependencies initialized[39m[38;5;3m +0ms[39m
[32m[Nest] 55304  - [39m19/08/2026, 11:33:06 pm [32m    LOG[39m [38;5;3m[InstanceLoader] [39m[32mConversationSummaryModule dependencies initialized[39m[38;5;3m +1ms[39m
[32m[Nest] 55304  - [39m19/08/2026, 11:33:06 pm [32m    LOG[39m [38;5;3m[InstanceLoader] [39m[32mActionDetectionModule dependencies initialized[39m[38;5;3m +0ms[39m
[32m[Nest] 55304  - [39m19/08/2026, 11:33:06 pm [32m    LOG[39m [38;5;3m[InstanceLoader] [39m[32mAuditModule dependencies initialized[39m[38;5;3m +1ms[39m
[32m[Nest] 55304  - [39m19/08/2026, 11:33:06 pm [32m    LOG[39m [38;5;3m[InstanceLoader] [39m[32mAnalyticsModule dependencies initialized[39m[38;5;3m +0ms[39m
[32m[Nest] 55304  - [39m19/08/2026, 11:33:06 pm [32m    LOG[39m [38;5;3m[InstanceLoader] [39m[32mNlSearchModule dependencies initialized[39m[38;5;3m +2ms[39m
[32m[Nest] 55304  - [39m19/08/2026, 11:33:06 pm [32m    LOG[39m [38;5;3m[InstanceLoader] [39m[32mPollsModule dependencies initialized[39m[38;5;3m +1ms[39m
[32m[Nest] 55304  - [39m19/08/2026, 11:33:06 pm [32m    LOG[39m [38;5;3m[InstanceLoader] [39m[32mCreationRequestsModule dependencies initialized[39m[38;5;3m +0ms[39m
[32m[Nest] 55304  - [39m19/08/2026, 11:33:06 pm [32m    LOG[39m [38;5;3m[InstanceLoader] [39m[32mSentimentModule dependencies initialized[39m[38;5;3m +1ms[39m
[32m[Nest] 55304  - [39m19/08/2026, 11:33:06 pm [32m    LOG[39m [38;5;3m[InstanceLoader] [39m[32mModerationModule dependencies initialized[39m[38;5;3m +1ms[39m
[32m[Nest] 55304  - [39m19/08/2026, 11:33:06 pm [32m    LOG[39m [38;5;3m[InstanceLoader] [39m[32mAuthModule dependencies initialized[39m[38;5;3m +1ms[39m
[32m[Nest] 55304  - [39m19/08/2026, 11:33:06 pm [32m    LOG[39m [38;5;3m[InstanceLoader] [39m[32mAutomationModule dependencies initialized[39m[38;5;3m +1ms[39m
[32m[Nest] 55304  - [39m19/08/2026, 11:33:06 pm [32m    LOG[39m [38;5;3m[RoutesResolver] [39m[32mHealthController {/health}:[39m[38;5;3m +9ms[39m
[32m[Nest] 55304  - [39m19/08/2026, 11:33:06 pm [32m    LOG[39m [38;5;3m[RouterExplorer] [39m[32mMapped {/health, GET} route[39m[38;5;3m +4ms[39m
[32m[Nest] 55304  - [39m19/08/2026, 11:33:06 pm [32m    LOG[39m [38;5;3m[RoutesResolver] [39m[32mAuthController {/auth}:[39m[38;5;3m +0ms[39m
[32m[Nest] 55304  - [39m19/08/2026, 11:33:06 pm [32m    LOG[39m [38;5;3m[RouterExplorer] [39m[32mMapped {/auth/login, POST} route[39m[38;5;3m +1ms[39m
[32m[Nest] 55304  - [39m19/08/2026, 11:33:06 pm [32m    LOG[39m [38;5;3m[RouterExplorer] [39m[32mMapped {/auth/register, POST} route[39m[38;5;3m +1ms[39m
[32m[Nest] 55304  - [39m19/08/2026, 11:33:06 pm [32m    LOG[39m [38;5;3m[RouterExplorer] [39m[32mMapped {/auth/logout, POST} route[39m[38;5;3m +1ms[39m
[32m[Nest] 55304  - [39m19/08/2026, 11:33:06 pm [32m    LOG[39m [38;5;3m[RoutesResolver] [39m[32mStreamController {/stream}:[39m[38;5;3m +1ms[39m
[32m[Nest] 55304  - [39m19/08/2026, 11:33:06 pm [32m    LOG[39m [38;5;3m[RouterExplorer] [39m[32mMapped {/stream/token, GET} route[39m[38;5;3m +0ms[39m
[32m[Nest] 55304  - [39m19/08/2026, 11:33:06 pm [32m    LOG[39m [38;5;3m[RoutesResolver] [39m[32mUsersController {/users}:[39m[38;5;3m +1ms[39m
[32m[Nest] 55304  - [39m19/08/2026, 11:33:06 pm [32m    LOG[39m [38;5;3m[RouterExplorer] [39m[32mMapped {/users/me, GET} route[39m[38;5;3m +1ms[39m
[32m[Nest] 55304  - [39m19/08/2026, 11:33:06 pm [32m    LOG[39m [38;5;3m[RouterExplorer] [39m[32mMapped {/users/me, PATCH} route[39m[38;5;3m +0ms[39m
[32m[Nest] 55304  - [39m19/08/2026, 11:33:06 pm [32m    LOG[39m [38;5;3m[RouterExplorer] [39m[32mMapped {/users/me/password, POST} route[39m[38;5;3m +1ms[39m
[32m[Nest] 55304  - [39m19/08/2026, 11:33:06 pm [32m    LOG[39m [38;5;3m[RouterExplorer] [39m[32mMapped {/users/me/username, POST} route[39m[38;5;3m +0ms[39m
[32m[Nest] 55304  - [39m19/08/2026, 11:33:06 pm [32m    LOG[39m [38;5;3m[RouterExplorer] [39m[32mMapped {/users, GET} route[39m[38;5;3m +1ms[39m
[32m[Nest] 55304  - [39m19/08/2026, 11:33:06 pm [32m    LOG[39m [38;5;3m[RouterExplorer] [39m[32mMapped {/users/:username/role, PATCH} route[39m[38;5;3m +0ms[39m
[32m[Nest] 55304  - [39m19/08/2026, 11:33:06 pm [32m    LOG[39m [38;5;3m[RouterExplorer] [39m[32mMapped {/users/:username, DELETE} route[39m[38;5;3m +1ms[39m
[32m[Nest] 55304  - [39m19/08/2026, 11:33:06 pm [32m    LOG[39m [38;5;3m[RoutesResolver] [39m[32mChatController {/chat}:[39m[38;5;3m +0ms[39m
[32m[Nest] 55304  - [39m19/08/2026, 11:33:06 pm [32m    LOG[39m [38;5;3m[RouterExplorer] [39m[32mMapped {/chat/token, GET} route[39m[38;5;3m +1ms[39m
[32m[Nest] 55304  - [39m19/08/2026, 11:33:06 pm [32m    LOG[39m [38;5;3m[RouterExplorer] [39m[32mMapped {/chat/direct, POST} route[39m[38;5;3m +0ms[39m
[32m[Nest] 55304  - [39m19/08/2026, 11:33:06 pm [32m    LOG[39m [38;5;3m[RouterExplorer] [39m[32mMapped {/chat/group, POST} route[39m[38;5;3m +0ms[39m
[32m[Nest] 55304  - [39m19/08/2026, 11:33:06 pm [32m    LOG[39m [38;5;3m[RouterExplorer] [39m[32mMapped {/chat/groups/:channelId, GET} route[39m[38;5;3m +1ms[39m
[32m[Nest] 55304  - [39m19/08/2026, 11:33:06 pm [32m    LOG[39m [38;5;3m[RouterExplorer] [39m[32mMapped {/chat/groups/:channelId, PATCH} route[39m[38;5;3m +0ms[39m
[32m[Nest] 55304  - [39m19/08/2026, 11:33:06 pm [32m    LOG[39m [38;5;3m[RouterExplorer] [39m[32mMapped {/chat/groups/:channelId/avatar, PUT} route[39m[38;5;3m +0ms[39m
[32m[Nest] 55304  - [39m19/08/2026, 11:33:06 pm [32m    LOG[39m [38;5;3m[RouterExplorer] [39m[32mMapped {/chat/groups/:channelId/avatar, DELETE} route[39m[38;5;3m +1ms[39m
[32m[Nest] 55304  - [39m19/08/2026, 11:33:06 pm [32m    LOG[39m [38;5;3m[RouterExplorer] [39m[32mMapped {/chat/groups/:channelId/members/:memberId, POST} route[39m[38;5;3m +0ms[39m
[32m[Nest] 55304  - [39m19/08/2026, 11:33:06 pm [32m    LOG[39m [38;5;3m[RouterExplorer] [39m[32mMapped {/chat/groups/:channelId/members/:memberId, DELETE} route[39m[38;5;3m +0ms[39m
[32m[Nest] 55304  - [39m19/08/2026, 11:33:06 pm [32m    LOG[39m [38;5;3m[RouterExplorer] [39m[32mMapped {/chat/groups/:channelId/leave, POST} route[39m[38;5;3m +1ms[39m
[32m[Nest] 55304  - [39m19/08/2026, 11:33:06 pm [32m    LOG[39m [38;5;3m[RouterExplorer] [39m[32mMapped {/chat/groups/:channelId/moderators/:memberId, POST} route[39m[38;5;3m +0ms[39m
[32m[Nest] 55304  - [39m19/08/2026, 11:33:06 pm [32m    LOG[39m [38;5;3m[RouterExplorer] [39m[32mMapped {/chat/groups/:channelId/moderators/:memberId, DELETE} route[39m[38;5;3m +1ms[39m
[32m[Nest] 55304  - [39m19/08/2026, 11:33:06 pm [32m    LOG[39m [38;5;3m[RouterExplorer] [39m[32mMapped {/chat/messages/:messageId/edit, POST} route[39m[38;5;3m +0ms[39m
[32m[Nest] 55304  - [39m19/08/2026, 11:33:06 pm [32m    LOG[39m [38;5;3m[RouterExplorer] [39m[32mMapped {/chat/messages/:messageId/delete, POST} route[39m[38;5;3m +0ms[39m
[32m[Nest] 55304  - [39m19/08/2026, 11:33:06 pm [32m    LOG[39m [38;5;3m[RoutesResolver] [39m[32mTasksController {/tasks}:[39m[38;5;3m +1ms[39m
[32m[Nest] 55304  - [39m19/08/2026, 11:33:06 pm [32m    LOG[39m [38;5;3m[RouterExplorer] [39m[32mMapped {/tasks, POST} route[39m[38;5;3m +0ms[39m
[32m[Nest] 55304  - [39m19/08/2026, 11:33:06 pm [32m    LOG[39m [38;5;3m[RouterExplorer] [39m[32mMapped {/tasks, GET} route[39m[38;5;3m +1ms[39m
[32m[Nest] 55304  - [39m19/08/2026, 11:33:06 pm [32m    LOG[39m [38;5;3m[RouterExplorer] [39m[32mMapped {/tasks/linked/:messageId, GET} route[39m[38;5;3m +0ms[39m
[32m[Nest] 55304  - [39m19/08/2026, 11:33:06 pm [32m    LOG[39m [38;5;3m[RouterExplorer] [39m[32mMapped {/tasks/:id, GET} route[39m[38;5;3m +0ms[39m
[32m[Nest] 55304  - [39m19/08/2026, 11:33:06 pm [32m    LOG[39m [38;5;3m[RouterExplorer] [39m[32mMapped {/tasks/:id/channel, POST} route[39m[38;5;3m +1ms[39m
[32m[Nest] 55304  - [39m19/08/2026, 11:33:06 pm [32m    LOG[39m [38;5;3m[RouterExplorer] [39m[32mMapped {/tasks/:id, PATCH} route[39m[38;5;3m +0ms[39m
[32m[Nest] 55304  - [39m19/08/2026, 11:33:06 pm [32m    LOG[39m [38;5;3m[RouterExplorer] [39m[32mMapped {/tasks/:id/status, PATCH} route[39m[38;5;3m +1ms[39m
[32m[Nest] 55304  - [39m19/08/2026, 11:33:06 pm [32m    LOG[39m [38;5;3m[RouterExplorer] [39m[32mMapped {/tasks/:id, DELETE} route[39m[38;5;3m +0ms[39m
[32m[Nest] 55304  - [39m19/08/2026, 11:33:06 pm [32m    LOG[39m [38;5;3m[RoutesResolver] [39m[32mMeetingsController {/meetings}:[39m[38;5;3m +1ms[39m
[32m[Nest] 55304  - [39m19/08/2026, 11:33:06 pm [32m    LOG[39m [38;5;3m[RouterExplorer] [39m[32mMapped {/meetings, POST} route[39m[38;5;3m +0ms[39m
[32m[Nest] 55304  - [39m19/08/2026, 11:33:06 pm [32m    LOG[39m [38;5;3m[RouterExplorer] [39m[32mMapped {/meetings, GET} route[39m[38;5;3m +1ms[39m
[32m[Nest] 55304  - [39m19/08/2026, 11:33:06 pm [32m    LOG[39m [38;5;3m[RouterExplorer] [39m[32mMapped {/meetings/:id, GET} route[39m[38;5;3m +0ms[39m
[32m[Nest] 55304  - [39m19/08/2026, 11:33:06 pm [32m    LOG[39m [38;5;3m[RouterExplorer] [39m[32mMapped {/meetings/:id, PATCH} route[39m[38;5;3m +1ms[39m
[32m[Nest] 55304  - [39m19/08/2026, 11:33:06 pm [32m    LOG[39m [38;5;3m[RouterExplorer] [39m[32mMapped {/meetings/:id, DELETE} route[39m[38;5;3m +0ms[39m
[32m[Nest] 55304  - [39m19/08/2026, 11:33:06 pm [32m    LOG[39m [38;5;3m[RouterExplorer] [39m[32mMapped {/meetings/:id/join, POST} route[39m[38;5;3m +0ms[39m
[32m[Nest] 55304  - [39m19/08/2026, 11:33:06 pm [32m    LOG[39m [38;5;3m[RouterExplorer] [39m[32mMapped {/meetings/:id/leave, POST} route[39m[38;5;3m +1ms[39m
[32m[Nest] 55304  - [39m19/08/2026, 11:33:06 pm [32m    LOG[39m [38;5;3m[RoutesResolver] [39m[32mDepartmentsController {/departments}:[39m[38;5;3m +0ms[39m
[32m[Nest] 55304  - [39m19/08/2026, 11:33:06 pm [32m    LOG[39m [38;5;3m[RouterExplorer] [39m[32mMapped {/departments, POST} route[39m[38;5;3m +1ms[39m
[32m[Nest] 55304  - [39m19/08/2026, 11:33:06 pm [32m    LOG[39m [38;5;3m[RouterExplorer] [39m[32mMapped {/departments/mine, GET} route[39m[38;5;3m +0ms[39m
[32m[Nest] 55304  - [39m19/08/2026, 11:33:06 pm [32m    LOG[39m [38;5;3m[RouterExplorer] [39m[32mMapped {/departments/:id, GET} route[39m[38;5;3m +1ms[39m
[32m[Nest] 55304  - [39m19/08/2026, 11:33:06 pm [32m    LOG[39m [38;5;3m[RouterExplorer] [39m[32mMapped {/departments/:id, PATCH} route[39m[38;5;3m +0ms[39m
[32m[Nest] 55304  - [39m19/08/2026, 11:33:06 pm [32m    LOG[39m [38;5;3m[RouterExplorer] [39m[32mMapped {/departments/:id, DELETE} route[39m[38;5;3m +1ms[39m
[32m[Nest] 55304  - [39m19/08/2026, 11:33:06 pm [32m    LOG[39m [38;5;3m[RouterExplorer] [39m[32mMapped {/departments/:id/members/:memberId, POST} route[39m[38;5;3m +0ms[39m
[32m[Nest] 55304  - [39m19/08/2026, 11:33:06 pm [32m    LOG[39m [38;5;3m[RouterExplorer] [39m[32mMapped {/departments/:id/members/:memberId, DELETE} route[39m[38;5;3m +0ms[39m
[32m[Nest] 55304  - [39m19/08/2026, 11:33:06 pm [32m    LOG[39m [38;5;3m[RoutesResolver] [39m[32mChannelsController {/channels}:[39m[38;5;3m +1ms[39m
[32m[Nest] 55304  - [39m19/08/2026, 11:33:06 pm [32m    LOG[39m [38;5;3m[RouterExplorer] [39m[32mMapped {/channels, POST} route[39m[38;5;3m +0ms[39m
[32m[Nest] 55304  - [39m19/08/2026, 11:33:06 pm [32m    LOG[39m [38;5;3m[RouterExplorer] [39m[32mMapped {/channels, GET} route[39m[38;5;3m +1ms[39m
[32m[Nest] 55304  - [39m19/08/2026, 11:33:06 pm [32m    LOG[39m [38;5;3m[RouterExplorer] [39m[32mMapped {/channels/:id, GET} route[39m[38;5;3m +1ms[39m
[32m[Nest] 55304  - [39m19/08/2026, 11:33:06 pm [32m    LOG[39m [38;5;3m[RouterExplorer] [39m[32mMapped {/channels/:id, PATCH} route[39m[38;5;3m +0ms[39m
[32m[Nest] 55304  - [39m19/08/2026, 11:33:06 pm [32m    LOG[39m [38;5;3m[RouterExplorer] [39m[32mMapped {/channels/:id, DELETE} route[39m[38;5;3m +1ms[39m
[32m[Nest] 55304  - [39m19/08/2026, 11:33:06 pm [32m    LOG[39m [38;5;3m[RouterExplorer] [39m[32mMapped {/channels/:id/join, POST} route[39m[38;5;3m +0ms[39m
[32m[Nest] 55304  - [39m19/08/2026, 11:33:06 pm [32m    LOG[39m [38;5;3m[RouterExplorer] [39m[32mMapped {/channels/:id/leave, POST} route[39m[38;5;3m +1ms[39m
[32m[Nest] 55304  - [39m19/08/2026, 11:33:06 pm [32m    LOG[39m [38;5;3m[RouterExplorer] [39m[32mMapped {/channels/:id/members, GET} route[39m[38;5;3m +1ms[39m
[32m[Nest] 55304  - [39m19/08/2026, 11:33:06 pm [32m    LOG[39m [38;5;3m[RouterExplorer] [39m[32mMapped {/channels/:id/members/:memberId, POST} route[39m[38;5;3m +0ms[39m
[32m[Nest] 55304  - [39m19/08/2026, 11:33:06 pm [32m    LOG[39m [38;5;3m[RouterExplorer] [39m[32mMapped {/channels/:id/members/:memberId, DELETE} route[39m[38;5;3m +0ms[39m
[32m[Nest] 55304  - [39m19/08/2026, 11:33:06 pm [32m    LOG[39m [38;5;3m[RoutesResolver] [39m[32mNotificationsController {/notifications}:[39m[38;5;3m +1ms[39m
[32m[Nest] 55304  - [39m19/08/2026, 11:33:06 pm [32m    LOG[39m [38;5;3m[RouterExplorer] [39m[32mMapped {/notifications, GET} route[39m[38;5;3m +0ms[39m
[32m[Nest] 55304  - [39m19/08/2026, 11:33:06 pm [32m    LOG[39m [38;5;3m[RouterExplorer] [39m[32mMapped {/notifications/unread-count, GET} route[39m[38;5;3m +1ms[39m
[32m[Nest] 55304  - [39m19/08/2026, 11:33:06 pm [32m    LOG[39m [38;5;3m[RouterExplorer] [39m[32mMapped {/notifications/:id/read, PATCH} route[39m[38;5;3m +0ms[39m
[32m[Nest] 55304  - [39m19/08/2026, 11:33:06 pm [32m    LOG[39m [38;5;3m[RouterExplorer] [39m[32mMapped {/notifications/read-all, PATCH} route[39m[38;5;3m +1ms[39m
[32m[Nest] 55304  - [39m19/08/2026, 11:33:06 pm [32m    LOG[39m [38;5;3m[RouterExplorer] [39m[32mMapped {/notifications/self, POST} route[39m[38;5;3m +0ms[39m
[32m[Nest] 55304  - [39m19/08/2026, 11:33:06 pm [32m    LOG[39m [38;5;3m[RoutesResolver] [39m[32mProjectsController {/projects}:[39m[38;5;3m +1ms[39m
[32m[Nest] 55304  - [39m19/08/2026, 11:33:06 pm [32m    LOG[39m [38;5;3m[RouterExplorer] [39m[32mMapped {/projects, POST} route[39m[38;5;3m +1ms[39m
[32m[Nest] 55304  - [39m19/08/2026, 11:33:06 pm [32m    LOG[39m [38;5;3m[RouterExplorer] [39m[32mMapped {/projects, GET} route[39m[38;5;3m +0ms[39m
[32m[Nest] 55304  - [39m19/08/2026, 11:33:06 pm [32m    LOG[39m [38;5;3m[RouterExplorer] [39m[32mMapped {/projects/:id, GET} route[39m[38;5;3m +1ms[39m
[32m[Nest] 55304  - [39m19/08/2026, 11:33:06 pm [32m    LOG[39m [38;5;3m[RouterExplorer] [39m[32mMapped {/projects/:id, PATCH} route[39m[38;5;3m +0ms[39m
[32m[Nest] 55304  - [39m19/08/2026, 11:33:06 pm [32m    LOG[39m [38;5;3m[RouterExplorer] [39m[32mMapped {/projects/:id, DELETE} route[39m[38;5;3m +0ms[39m
[32m[Nest] 55304  - [39m19/08/2026, 11:33:06 pm [32m    LOG[39m [38;5;3m[RouterExplorer] [39m[32mMapped {/projects/:id/members, GET} route[39m[38;5;3m +1ms[39m
[32m[Nest] 55304  - [39m19/08/2026, 11:33:06 pm [32m    LOG[39m [38;5;3m[RouterExplorer] [39m[32mMapped {/projects/:id/members, POST} route[39m[38;5;3m +1ms[39m
[32m[Nest] 55304  - [39m19/08/2026, 11:33:06 pm [32m    LOG[39m [38;5;3m[RouterExplorer] [39m[32mMapped {/projects/:id/members/:memberId, PATCH} route[39m[38;5;3m +0ms[39m
[32m[Nest] 55304  - [39m19/08/2026, 11:33:06 pm [32m    LOG[39m [38;5;3m[RouterExplorer] [39m[32mMapped {/projects/:id/members/:memberId, DELETE} route[39m[38;5;3m +1ms[39m
[32m[Nest] 55304  - [39m19/08/2026, 11:33:06 pm [32m    LOG[39m [38;5;3m[RoutesResolver] [39m[32mProjectAnnouncementsController {/projects/:projectId/announcements}:[39m[38;5;3m +1ms[39m
[32m[Nest] 55304  - [39m19/08/2026, 11:33:06 pm [32m    LOG[39m [38;5;3m[RouterExplorer] [39m[32mMapped {/projects/:projectId/announcements, GET} route[39m[38;5;3m +0ms[39m
[32m[Nest] 55304  - [39m19/08/2026, 11:33:06 pm [32m    LOG[39m [38;5;3m[RouterExplorer] [39m[32mMapped {/projects/:projectId/announcements, POST} route[39m[38;5;3m +1ms[39m
[32m[Nest] 55304  - [39m19/08/2026, 11:33:06 pm [32m    LOG[39m [38;5;3m[RouterExplorer] [39m[32mMapped {/projects/:projectId/announcements/:id, PATCH} route[39m[38;5;3m +1ms[39m
[32m[Nest] 55304  - [39m19/08/2026, 11:33:06 pm [32m    LOG[39m [38;5;3m[RouterExplorer] [39m[32mMapped {/projects/:projectId/announcements/:id/pin, PATCH} route[39m[38;5;3m +0ms[39m
[32m[Nest] 55304  - [39m19/08/2026, 11:33:06 pm [32m    LOG[39m [38;5;3m[RouterExplorer] [39m[32mMapped {/projects/:projectId/announcements/:id, DELETE} route[39m[38;5;3m +1ms[39m
[32m[Nest] 55304  - [39m19/08/2026, 11:33:06 pm [32m    LOG[39m [38;5;3m[RouterExplorer] [39m[32mMapped {/projects/:projectId/announcements/:id/reactions, POST} route[39m[38;5;3m +0ms[39m
[32m[Nest] 55304  - [39m19/08/2026, 11:33:06 pm [32m    LOG[39m [38;5;3m[RouterExplorer] [39m[32mMapped {/projects/:projectId/announcements/:id/reactions/:emoji, DELETE} route[39m[38;5;3m +1ms[39m
[32m[Nest] 55304  - [39m19/08/2026, 11:33:06 pm [32m    LOG[39m [38;5;3m[RoutesResolver] [39m[32mProjectDocumentsController {/projects/:projectId/documents}:[39m[38;5;3m +0ms[39m
[32m[Nest] 55304  - [39m19/08/2026, 11:33:06 pm [32m    LOG[39m [38;5;3m[RouterExplorer] [39m[32mMapped {/projects/:projectId/documents, POST} route[39m[38;5;3m +0ms[39m
[32m[Nest] 55304  - [39m19/08/2026, 11:33:06 pm [32m    LOG[39m [38;5;3m[RouterExplorer] [39m[32mMapped {/projects/:projectId/documents, GET} route[39m[38;5;3m +1ms[39m
[32m[Nest] 55304  - [39m19/08/2026, 11:33:06 pm [32m    LOG[39m [38;5;3m[RouterExplorer] [39m[32mMapped {/projects/:projectId/documents/:id/download, GET} route[39m[38;5;3m +0ms[39m
[32m[Nest] 55304  - [39m19/08/2026, 11:33:06 pm [32m    LOG[39m [38;5;3m[RouterExplorer] [39m[32mMapped {/projects/:projectId/documents/:id/preview, GET} route[39m[38;5;3m +1ms[39m
[32m[Nest] 55304  - [39m19/08/2026, 11:33:06 pm [32m    LOG[39m [38;5;3m[RouterExplorer] [39m[32mMapped {/projects/:projectId/documents/:id, DELETE} route[39m[38;5;3m +0ms[39m
[32m[Nest] 55304  - [39m19/08/2026, 11:33:06 pm [32m    LOG[39m [38;5;3m[RoutesResolver] [39m[32mProjectMilestonesController {/projects/:projectId/milestones}:[39m[38;5;3m +1ms[39m
[32m[Nest] 55304  - [39m19/08/2026, 11:33:06 pm [32m    LOG[39m [38;5;3m[RouterExplorer] [39m[32mMapped {/projects/:projectId/milestones, GET} route[39m[38;5;3m +0ms[39m
[32m[Nest] 55304  - [39m19/08/2026, 11:33:06 pm [32m    LOG[39m [38;5;3m[RouterExplorer] [39m[32mMapped {/projects/:projectId/milestones, POST} route[39m[38;5;3m +1ms[39m
[32m[Nest] 55304  - [39m19/08/2026, 11:33:06 pm [32m    LOG[39m [38;5;3m[RouterExplorer] [39m[32mMapped {/projects/:projectId/milestones/:id, PATCH} route[39m[38;5;3m +0ms[39m
[32m[Nest] 55304  - [39m19/08/2026, 11:33:06 pm [32m    LOG[39m [38;5;3m[RouterExplorer] [39m[32mMapped {/projects/:projectId/milestones/:id/status, PATCH} route[39m[38;5;3m +1ms[39m
[32m[Nest] 55304  - [39m19/08/2026, 11:33:06 pm [32m    LOG[39m [38;5;3m[RouterExplorer] [39m[32mMapped {/projects/:projectId/milestones/:id/progress, PATCH} route[39m[38;5;3m +1ms[39m
[32m[Nest] 55304  - [39m19/08/2026, 11:33:06 pm [32m    LOG[39m [38;5;3m[RouterExplorer] [39m[32mMapped {/projects/:projectId/milestones/:id, DELETE} route[39m[38;5;3m +0ms[39m
[32m[Nest] 55304  - [39m19/08/2026, 11:33:06 pm [32m    LOG[39m [38;5;3m[RoutesResolver] [39m[32mAiSummaryController {/projects/:projectId/ai-summary}:[39m[38;5;3m +1ms[39m
[32m[Nest] 55304  - [39m19/08/2026, 11:33:06 pm [32m    LOG[39m [38;5;3m[RouterExplorer] [39m[32mMapped {/projects/:projectId/ai-summary, GET} route[39m[38;5;3m +0ms[39m
[32m[Nest] 55304  - [39m19/08/2026, 11:33:06 pm [32m    LOG[39m [38;5;3m[RoutesResolver] [39m[32mNotesController {/notes}:[39m[38;5;3m +1ms[39m
[32m[Nest] 55304  - [39m19/08/2026, 11:33:06 pm [32m    LOG[39m [38;5;3m[RouterExplorer] [39m[32mMapped {/notes, POST} route[39m[38;5;3m +0ms[39m
[32m[Nest] 55304  - [39m19/08/2026, 11:33:06 pm [32m    LOG[39m [38;5;3m[RouterExplorer] [39m[32mMapped {/notes, GET} route[39m[38;5;3m +1ms[39m
[32m[Nest] 55304  - [39m19/08/2026, 11:33:06 pm [32m    LOG[39m [38;5;3m[RouterExplorer] [39m[32mMapped {/notes/:id, GET} route[39m[38;5;3m +0ms[39m
[32m[Nest] 55304  - [39m19/08/2026, 11:33:06 pm [32m    LOG[39m [38;5;3m[RouterExplorer] [39m[32mMapped {/notes/:id, PATCH} route[39m[38;5;3m +0ms[39m
[32m[Nest] 55304  - [39m19/08/2026, 11:33:06 pm [32m    LOG[39m [38;5;3m[RouterExplorer] [39m[32mMapped {/notes/:id, DELETE} route[39m[38;5;3m +1ms[39m
[32m[Nest] 55304  - [39m19/08/2026, 11:33:06 pm [32m    LOG[39m [38;5;3m[RoutesResolver] [39m[32mRemindersController {/reminders}:[39m[38;5;3m +1ms[39m
[32m[Nest] 55304  - [39m19/08/2026, 11:33:06 pm [32m    LOG[39m [38;5;3m[RouterExplorer] [39m[32mMapped {/reminders, POST} route[39m[38;5;3m +0ms[39m
[32m[Nest] 55304  - [39m19/08/2026, 11:33:06 pm [32m    LOG[39m [38;5;3m[RouterExplorer] [39m[32mMapped {/reminders, GET} route[39m[38;5;3m +1ms[39m
[32m[Nest] 55304  - [39m19/08/2026, 11:33:06 pm [32m    LOG[39m [38;5;3m[RouterExplorer] [39m[32mMapped {/reminders/:id, GET} route[39m[38;5;3m +0ms[39m
[32m[Nest] 55304  - [39m19/08/2026, 11:33:06 pm [32m    LOG[39m [38;5;3m[RouterExplorer] [39m[32mMapped {/reminders/:id, PATCH} route[39m[38;5;3m +1ms[39m
[32m[Nest] 55304  - [39m19/08/2026, 11:33:06 pm [32m    LOG[39m [38;5;3m[RouterExplorer] [39m[32mMapped {/reminders/:id/trigger, POST} route[39m[38;5;3m +0ms[39m
[32m[Nest] 55304  - [39m19/08/2026, 11:33:06 pm [32m    LOG[39m [38;5;3m[RouterExplorer] [39m[32mMapped {/reminders/:id, DELETE} route[39m[38;5;3m +0ms[39m
[32m[Nest] 55304  - [39m19/08/2026, 11:33:06 pm [32m    LOG[39m [38;5;3m[RoutesResolver] [39m[32mBookmarksController {/bookmarks}:[39m[38;5;3m +1ms[39m
[32m[Nest] 55304  - [39m19/08/2026, 11:33:06 pm [32m    LOG[39m [38;5;3m[RouterExplorer] [39m[32mMapped {/bookmarks, POST} route[39m[38;5;3m +0ms[39m
[32m[Nest] 55304  - [39m19/08/2026, 11:33:06 pm [32m    LOG[39m [38;5;3m[RouterExplorer] [39m[32mMapped {/bookmarks, GET} route[39m[38;5;3m +1ms[39m
[32m[Nest] 55304  - [39m19/08/2026, 11:33:06 pm [32m    LOG[39m [38;5;3m[RouterExplorer] [39m[32mMapped {/bookmarks/by-message/:messageId, GET} route[39m[38;5;3m +0ms[39m
[32m[Nest] 55304  - [39m19/08/2026, 11:33:06 pm [32m    LOG[39m [38;5;3m[RouterExplorer] [39m[32mMapped {/bookmarks/:id, DELETE} route[39m[38;5;3m +1ms[39m
[32m[Nest] 55304  - [39m19/08/2026, 11:33:06 pm [32m    LOG[39m [38;5;3m[RoutesResolver] [39m[32mModerationController {/moderation}:[39m[38;5;3m +0ms[39m
[32m[Nest] 55304  - [39m19/08/2026, 11:33:06 pm [32m    LOG[39m [38;5;3m[RouterExplorer] [39m[32mMapped {/moderation/reports, POST} route[39m[38;5;3m +0ms[39m
[32m[Nest] 55304  - [39m19/08/2026, 11:33:06 pm [32m    LOG[39m [38;5;3m[RouterExplorer] [39m[32mMapped {/moderation/reports, GET} route[39m[38;5;3m +1ms[39m
[32m[Nest] 55304  - [39m19/08/2026, 11:33:06 pm [32m    LOG[39m [38;5;3m[RouterExplorer] [39m[32mMapped {/moderation/reports/:id, PATCH} route[39m[38;5;3m +0ms[39m
[32m[Nest] 55304  - [39m19/08/2026, 11:33:06 pm [32m    LOG[39m [38;5;3m[RouterExplorer] [39m[32mMapped {/moderation/messages/:id/delete, POST} route[39m[38;5;3m +1ms[39m
[32m[Nest] 55304  - [39m19/08/2026, 11:33:06 pm [32m    LOG[39m [38;5;3m[RouterExplorer] [39m[32mMapped {/moderation/users/mute, POST} route[39m[38;5;3m +0ms[39m
[32m[Nest] 55304  - [39m19/08/2026, 11:33:06 pm [32m    LOG[39m [38;5;3m[RouterExplorer] [39m[32mMapped {/moderation/users/unmute, POST} route[39m[38;5;3m +0ms[39m
[32m[Nest] 55304  - [39m19/08/2026, 11:33:06 pm [32m    LOG[39m [38;5;3m[RouterExplorer] [39m[32mMapped {/moderation/users/remove, POST} route[39m[38;5;3m +1ms[39m
[32m[Nest] 55304  - [39m19/08/2026, 11:33:06 pm [32m    LOG[39m [38;5;3m[RouterExplorer] [39m[32mMapped {/moderation/users/ban, POST} route[39m[38;5;3m +0ms[39m
[32m[Nest] 55304  - [39m19/08/2026, 11:33:06 pm [32m    LOG[39m [38;5;3m[RouterExplorer] [39m[32mMapped {/moderation/users/unban, POST} route[39m[38;5;3m +1ms[39m
[32m[Nest] 55304  - [39m19/08/2026, 11:33:06 pm [32m    LOG[39m [38;5;3m[RouterExplorer] [39m[32mMapped {/moderation/channels/lock, POST} route[39m[38;5;3m +0ms[39m
[32m[Nest] 55304  - [39m19/08/2026, 11:33:06 pm [32m    LOG[39m [38;5;3m[RouterExplorer] [39m[32mMapped {/moderation/logs, GET} route[39m[38;5;3m +1ms[39m
[32m[Nest] 55304  - [39m19/08/2026, 11:33:06 pm [32m    LOG[39m [38;5;3m[RoutesResolver] [39m[32mAnalyticsController {/analytics}:[39m[38;5;3m +0ms[39m
[32m[Nest] 55304  - [39m19/08/2026, 11:33:06 pm [32m    LOG[39m [38;5;3m[RouterExplorer] [39m[32mMapped {/analytics/overview, GET} route[39m[38;5;3m +1ms[39m
[32m[Nest] 55304  - [39m19/08/2026, 11:33:06 pm [32m    LOG[39m [38;5;3m[RouterExplorer] [39m[32mMapped {/analytics/messages, GET} route[39m[38;5;3m +0ms[39m
[32m[Nest] 55304  - [39m19/08/2026, 11:33:06 pm [32m    LOG[39m [38;5;3m[RouterExplorer] [39m[32mMapped {/analytics/users, GET} route[39m[38;5;3m +1ms[39m
[32m[Nest] 55304  - [39m19/08/2026, 11:33:06 pm [32m    LOG[39m [38;5;3m[RouterExplorer] [39m[32mMapped {/analytics/channels, GET} route[39m[38;5;3m +0ms[39m
[32m[Nest] 55304  - [39m19/08/2026, 11:33:06 pm [32m    LOG[39m [38;5;3m[RouterExplorer] [39m[32mMapped {/analytics/teams, GET} route[39m[38;5;3m +1ms[39m
[32m[Nest] 55304  - [39m19/08/2026, 11:33:06 pm [32m    LOG[39m [38;5;3m[RouterExplorer] [39m[32mMapped {/analytics/storage, GET} route[39m[38;5;3m +0ms[39m
[32m[Nest] 55304  - [39m19/08/2026, 11:33:06 pm [32m    LOG[39m [38;5;3m[RouterExplorer] [39m[32mMapped {/analytics/ai, GET} route[39m[38;5;3m +1ms[39m
[32m[Nest] 55304  - [39m19/08/2026, 11:33:06 pm [32m    LOG[39m [38;5;3m[RouterExplorer] [39m[32mMapped {/analytics/moderation, GET} route[39m[38;5;3m +1ms[39m
[32m[Nest] 55304  - [39m19/08/2026, 11:33:06 pm [32m    LOG[39m [38;5;3m[RouterExplorer] [39m[32mMapped {/analytics/response-time, GET} route[39m[38;5;3m +0ms[39m
[32m[Nest] 55304  - [39m19/08/2026, 11:33:06 pm [32m    LOG[39m [38;5;3m[RoutesResolver] [39m[32mAuditController {/audit}:[39m[38;5;3m +1ms[39m
[32m[Nest] 55304  - [39m19/08/2026, 11:33:06 pm [32m    LOG[39m [38;5;3m[RouterExplorer] [39m[32mMapped {/audit/logs, GET} route[39m[38;5;3m +0ms[39m
[32m[Nest] 55304  - [39m19/08/2026, 11:33:06 pm [32m    LOG[39m [38;5;3m[RouterExplorer] [39m[32mMapped {/audit/actions, GET} route[39m[38;5;3m +0ms[39m
[32m[Nest] 55304  - [39m19/08/2026, 11:33:06 pm [32m    LOG[39m [38;5;3m[RoutesResolver] [39m[32mPollsController {/polls}:[39m[38;5;3m +1ms[39m
[32m[Nest] 55304  - [39m19/08/2026, 11:33:06 pm [32m    LOG[39m [38;5;3m[RouterExplorer] [39m[32mMapped {/polls, POST} route[39m[38;5;3m +0ms[39m
[32m[Nest] 55304  - [39m19/08/2026, 11:33:06 pm [32m    LOG[39m [38;5;3m[RouterExplorer] [39m[32mMapped {/polls/channel/:channelId, GET} route[39m[38;5;3m +1ms[39m
[32m[Nest] 55304  - [39m19/08/2026, 11:33:06 pm [32m    LOG[39m [38;5;3m[RouterExplorer] [39m[32mMapped {/polls/stream/:streamPollId, GET} route[39m[38;5;3m +0ms[39m
[32m[Nest] 55304  - [39m19/08/2026, 11:33:06 pm [32m    LOG[39m [38;5;3m[RouterExplorer] [39m[32mMapped {/polls/stream/:streamPollId, PATCH} route[39m[38;5;3m +0ms[39m
[32m[Nest] 55304  - [39m19/08/2026, 11:33:06 pm [32m    LOG[39m [38;5;3m[RouterExplorer] [39m[32mMapped {/polls/stream/:streamPollId/close, POST} route[39m[38;5;3m +1ms[39m
[32m[Nest] 55304  - [39m19/08/2026, 11:33:06 pm [32m    LOG[39m [38;5;3m[RouterExplorer] [39m[32mMapped {/polls/stream/:streamPollId/finalize, POST} route[39m[38;5;3m +0ms[39m
[32m[Nest] 55304  - [39m19/08/2026, 11:33:06 pm [32m    LOG[39m [38;5;3m[RouterExplorer] [39m[32mMapped {/polls/stream/:streamPollId, DELETE} route[39m[38;5;3m +0ms[39m
[32m[Nest] 55304  - [39m19/08/2026, 11:33:06 pm [32m    LOG[39m [38;5;3m[RoutesResolver] [39m[32mConversationSummaryController {/chat/summaries}:[39m[38;5;3m +1ms[39m
[32m[Nest] 55304  - [39m19/08/2026, 11:33:06 pm [32m    LOG[39m [38;5;3m[RouterExplorer] [39m[32mMapped {/chat/summaries, GET} route[39m[38;5;3m +0ms[39m
[32m[Nest] 55304  - [39m19/08/2026, 11:33:06 pm [32m    LOG[39m [38;5;3m[RouterExplorer] [39m[32mMapped {/chat/summaries/daily, GET} route[39m[38;5;3m +1ms[39m
[32m[Nest] 55304  - [39m19/08/2026, 11:33:06 pm [32m    LOG[39m [38;5;3m[RouterExplorer] [39m[32mMapped {/chat/summaries/weekly, GET} route[39m[38;5;3m +0ms[39m
[32m[Nest] 55304  - [39m19/08/2026, 11:33:06 pm [32m    LOG[39m [38;5;3m[RouterExplorer] [39m[32mMapped {/chat/summaries/generate, POST} route[39m[38;5;3m +1ms[39m
[32m[Nest] 55304  - [39m19/08/2026, 11:33:06 pm [32m    LOG[39m [38;5;3m[RoutesResolver] [39m[32mSmartReplyController {/chat/smart-replies}:[39m[38;5;3m +0ms[39m
[32m[Nest] 55304  - [39m19/08/2026, 11:33:06 pm [32m    LOG[39m [38;5;3m[RouterExplorer] [39m[32mMapped {/chat/smart-replies, POST} route[39m[38;5;3m +1ms[39m
[32m[Nest] 55304  - [39m19/08/2026, 11:33:06 pm [32m    LOG[39m [38;5;3m[RoutesResolver] [39m[32mActionDetectionController {/chat/action-detection}:[39m[38;5;3m +0ms[39m
[32m[Nest] 55304  - [39m19/08/2026, 11:33:06 pm [32m    LOG[39m [38;5;3m[RouterExplorer] [39m[32mMapped {/chat/action-detection/analyze, POST} route[39m[38;5;3m +1ms[39m
[32m[Nest] 55304  - [39m19/08/2026, 11:33:06 pm [32m    LOG[39m [38;5;3m[RouterExplorer] [39m[32mMapped {/chat/action-detection, GET} route[39m[38;5;3m +0ms[39m
[32m[Nest] 55304  - [39m19/08/2026, 11:33:06 pm [32m    LOG[39m [38;5;3m[RouterExplorer] [39m[32mMapped {/chat/action-detection/:id, GET} route[39m[38;5;3m +1ms[39m
[32m[Nest] 55304  - [39m19/08/2026, 11:33:06 pm [32m    LOG[39m [38;5;3m[RouterExplorer] [39m[32mMapped {/chat/action-detection/:id/dismiss, POST} route[39m[38;5;3m +1ms[39m
[32m[Nest] 55304  - [39m19/08/2026, 11:33:06 pm [32m    LOG[39m [38;5;3m[RouterExplorer] [39m[32mMapped {/chat/action-detection/:id/resolve, POST} route[39m[38;5;3m +0ms[39m
[32m[Nest] 55304  - [39m19/08/2026, 11:33:06 pm [32m    LOG[39m [38;5;3m[RoutesResolver] [39m[32mCreationRequestsController {/creation-requests}:[39m[38;5;3m +1ms[39m
[32m[Nest] 55304  - [39m19/08/2026, 11:33:06 pm [32m    LOG[39m [38;5;3m[RouterExplorer] [39m[32mMapped {/creation-requests, POST} route[39m[38;5;3m +0ms[39m
[32m[Nest] 55304  - [39m19/08/2026, 11:33:06 pm [32m    LOG[39m [38;5;3m[RouterExplorer] [39m[32mMapped {/creation-requests, GET} route[39m[38;5;3m +0ms[39m
[32m[Nest] 55304  - [39m19/08/2026, 11:33:06 pm [32m    LOG[39m [38;5;3m[RouterExplorer] [39m[32mMapped {/creation-requests/:id, GET} route[39m[38;5;3m +1ms[39m
[32m[Nest] 55304  - [39m19/08/2026, 11:33:06 pm [32m    LOG[39m [38;5;3m[RouterExplorer] [39m[32mMapped {/creation-requests/:id/approve, POST} route[39m[38;5;3m +0ms[39m
[32m[Nest] 55304  - [39m19/08/2026, 11:33:06 pm [32m    LOG[39m [38;5;3m[RouterExplorer] [39m[32mMapped {/creation-requests/:id/reject, POST} route[39m[38;5;3m +1ms[39m
[32m[Nest] 55304  - [39m19/08/2026, 11:33:06 pm [32m    LOG[39m [38;5;3m[RoutesResolver] [39m[32mNlSearchController {/search}:[39m[38;5;3m +0ms[39m
[32m[Nest] 55304  - [39m19/08/2026, 11:33:06 pm [32m    LOG[39m [38;5;3m[RouterExplorer] [39m[32mMapped {/search/ai, POST} route[39m[38;5;3m +0ms[39m
[32m[Nest] 55304  - [39m19/08/2026, 11:33:06 pm [32m    LOG[39m [38;5;3m[RoutesResolver] [39m[32mSentimentController {/sentiment}:[39m[38;5;3m +1ms[39m
[32m[Nest] 55304  - [39m19/08/2026, 11:33:06 pm [32m    LOG[39m [38;5;3m[RouterExplorer] [39m[32mMapped {/sentiment/status, GET} route[39m[38;5;3m +0ms[39m
[32m[Nest] 55304  - [39m19/08/2026, 11:33:06 pm [32m    LOG[39m [38;5;3m[RouterExplorer] [39m[32mMapped {/sentiment/status, PUT} route[39m[38;5;3m +1ms[39m
[32m[Nest] 55304  - [39m19/08/2026, 11:33:06 pm [32m    LOG[39m [38;5;3m[RouterExplorer] [39m[32mMapped {/sentiment/analyze, POST} route[39m[38;5;3m +0ms[39m
[32m[Nest] 55304  - [39m19/08/2026, 11:33:06 pm [32m    LOG[39m [38;5;3m[RoutesResolver] [39m[32mTranslationController {/chat/translate}:[39m[38;5;3m +1ms[39m
[32m[Nest] 55304  - [39m19/08/2026, 11:33:06 pm [32m    LOG[39m [38;5;3m[RouterExplorer] [39m[32mMapped {/chat/translate, POST} route[39m[38;5;3m +0ms[39m
[32m[Nest] 55304  - [39m19/08/2026, 11:33:06 pm [32m    LOG[39m [38;5;3m[RoutesResolver] [39m[32mVideoController {/video}:[39m[38;5;3m +1ms[39m
[32m[Nest] 55304  - [39m19/08/2026, 11:33:06 pm [32m    LOG[39m [38;5;3m[RouterExplorer] [39m[32mMapped {/video/connect, POST} route[39m[38;5;3m +0ms[39m
[32m[Nest] 55304  - [39m19/08/2026, 11:33:06 pm [32m    LOG[39m [38;5;3m[RouterExplorer] [39m[32mMapped {/video/token, POST} route[39m[38;5;3m +1ms[39m
[32m[Nest] 55304  - [39m19/08/2026, 11:33:06 pm [32m    LOG[39m [38;5;3m[RoutesResolver] [39m[32mWorkflowsController {/automation}:[39m[38;5;3m +0ms[39m
[32m[Nest] 55304  - [39m19/08/2026, 11:33:06 pm [32m    LOG[39m [38;5;3m[RouterExplorer] [39m[32mMapped {/automation/meta, GET} route[39m[38;5;3m +0ms[39m
[32m[Nest] 55304  - [39m19/08/2026, 11:33:06 pm [32m    LOG[39m [38;5;3m[RouterExplorer] [39m[32mMapped {/automation/workflows, GET} route[39m[38;5;3m +1ms[39m
[32m[Nest] 55304  - [39m19/08/2026, 11:33:06 pm [32m    LOG[39m [38;5;3m[RouterExplorer] [39m[32mMapped {/automation/workflows, POST} route[39m[38;5;3m +0ms[39m
[32m[Nest] 55304  - [39m19/08/2026, 11:33:06 pm [32m    LOG[39m [38;5;3m[RouterExplorer] [39m[32mMapped {/automation/workflows/:id, GET} route[39m[38;5;3m +1ms[39m
[32m[Nest] 55304  - [39m19/08/2026, 11:33:06 pm [32m    LOG[39m [38;5;3m[RouterExplorer] [39m[32mMapped {/automation/workflows/:id, PATCH} route[39m[38;5;3m +0ms[39m
[32m[Nest] 55304  - [39m19/08/2026, 11:33:06 pm [32m    LOG[39m [38;5;3m[RouterExplorer] [39m[32mMapped {/automation/workflows/:id, DELETE} route[39m[38;5;3m +0ms[39m
[32m[Nest] 55304  - [39m19/08/2026, 11:33:06 pm [32m    LOG[39m [38;5;3m[RouterExplorer] [39m[32mMapped {/automation/workflows/:id/toggle, PATCH} route[39m[38;5;3m +1ms[39m
[32m[Nest] 55304  - [39m19/08/2026, 11:33:06 pm [32m    LOG[39m [38;5;3m[RouterExplorer] [39m[32mMapped {/automation/workflows/:id/executions, GET} route[39m[38;5;3m +0ms[39m
[32m[Nest] 55304  - [39m19/08/2026, 11:33:06 pm [32m    LOG[39m [38;5;3m[RouterExplorer] [39m[32mMapped {/automation/workflows/executions/:executionId/retry, POST} route[39m[38;5;3m +1ms[39m
[32m[Nest] 55304  - [39m19/08/2026, 11:33:06 pm [32m    LOG[39m [38;5;3m[StreamService] [39m[32mStream Chat server client initialized.[39m
[32m[Nest] 55304  - [39m19/08/2026, 11:33:08 pm [32m    LOG[39m [38;5;3m[VideoService] [39m[32mcall_member role already allows joining the backstage[39m
[32m[Nest] 55304  - [39m19/08/2026, 11:33:09 pm [32m    LOG[39m [38;5;3m[NestApplication] [39m[32mNest application successfully started[39m[38;5;3m +477ms[39m
🚀 Application is running on: http://localhost:3101
